warning[E0133]: use of mutable static is unsafe and requires unsafe block
    --> src/lib.rs:1274:9
     |
1274 |         DEVICE_PERIPHERALS = true;
     |         ^^^^^^^^^^^^^^^^^^ use of mutable static
     |
     = note: mutable statics can be mutated by multiple threads: aliasing violations or data races will cause undefined behavior
note: an unsafe function restricts its caller, but its body is safe by default
    --> src/lib.rs:1273:5
     |
1273 |     pub unsafe fn steal() -> Self {
     |     ^^^^^^^^^^^^^^^^^^^^^^^^^^^^^
     = note: for more information, see <https://doc.rust-lang.org/edition-guide/rust-2024/unsafe-op-in-unsafe-fn.html>
     = note: `#[warn(unsafe_op_in_unsafe_fn)]` (part of `#[warn(rust_2024_compatibility)]`) on by default

warning[E0133]: call to unsafe function `generic::Periph::<RB, A>::steal` is unsafe and requires unsafe block
    --> src/lib.rs:1276:24
     |
1276 |             inputmux0: Inputmux0::steal(),
     |                        ^^^^^^^^^^^^^^^^^^ call to unsafe function
     |
     = note: consult the function's documentation for information on how to avoid undefined behavior
     = note: for more information, see <https://doc.rust-lang.org/edition-guide/rust-2024/unsafe-op-in-unsafe-fn.html>

warning[E0133]: call to unsafe function `generic::Periph::<RB, A>::steal` is unsafe and requires unsafe block
    --> src/lib.rs:1277:19
     |
1277 |             i3c0: I3c0::steal(),
     |                   ^^^^^^^^^^^^^ call to unsafe function
     |
     = note: consult the function's documentation for information on how to avoid undefined behavior
     = note: for more information, see <https://doc.rust-lang.org/edition-guide/rust-2024/unsafe-op-in-unsafe-fn.html>

warning[E0133]: call to unsafe function `generic::Periph::<RB, A>::steal` is unsafe and requires unsafe block
    --> src/lib.rs:1278:22
     |
1278 |             ctimer0: Ctimer0::steal(),
     |                      ^^^^^^^^^^^^^^^^ call to unsafe function
     |
     = note: consult the function's documentation for information on how to avoid undefined behavior
     = note: for more information, see <https://doc.rust-lang.org/edition-guide/rust-2024/unsafe-op-in-unsafe-fn.html>

warning[E0133]: call to unsafe function `generic::Periph::<RB, A>::steal` is unsafe and requires unsafe block
    --> src/lib.rs:1279:22
     |
1279 |             ctimer1: Ctimer1::steal(),
     |                      ^^^^^^^^^^^^^^^^ call to unsafe function
     |
     = note: consult the function's documentation for information on how to avoid undefined behavior
     = note: for more information, see <https://doc.rust-lang.org/edition-guide/rust-2024/unsafe-op-in-unsafe-fn.html>

warning[E0133]: call to unsafe function `generic::Periph::<RB, A>::steal` is unsafe and requires unsafe block
    --> src/lib.rs:1280:22
     |
1280 |             ctimer2: Ctimer2::steal(),
     |                      ^^^^^^^^^^^^^^^^ call to unsafe function
     |
     = note: consult the function's documentation for information on how to avoid undefined behavior
     = note: for more information, see <https://doc.rust-lang.org/edition-guide/rust-2024/unsafe-op-in-unsafe-fn.html>

warning[E0133]: call to unsafe function `generic::Periph::<RB, A>::steal` is unsafe and requires unsafe block
    --> src/lib.rs:1281:22
     |
1281 |             ctimer3: Ctimer3::steal(),
     |                      ^^^^^^^^^^^^^^^^ call to unsafe function
     |
     = note: consult the function's documentation for information on how to avoid undefined behavior
     = note: for more information, see <https://doc.rust-lang.org/edition-guide/rust-2024/unsafe-op-in-unsafe-fn.html>

warning[E0133]: call to unsafe function `generic::Periph::<RB, A>::steal` is unsafe and requires unsafe block
    --> src/lib.rs:1282:22
     |
1282 |             ctimer4: Ctimer4::steal(),
     |                      ^^^^^^^^^^^^^^^^ call to unsafe function
     |
     = note: consult the function's documentation for information on how to avoid undefined behavior
     = note: for more information, see <httpwarning[E0133]: use of mutable static is unsafe and requires unsafe block
    --> src/lib.rs:1274:9
     |
1274 |         DEVICE_PERIPHERALS = true;
     |         ^^^^^^^^^^^^^^^^^^ use of mutable static
     |
     = note: mutable statics can be mutated by multiple threads: aliasing violations or data races will cause undefined behavior
note: an unsafe function restricts its caller, but its body is safe by default
    --> src/lib.rs:1273:5
     |
1273 |     pub unsafe fn steal() -> Self {
     |     ^^^^^^^^^^^^^^^^^^^^^^^^^^^^^
     = note: for more information, see <https://doc.rust-lang.org/edition-guide/rust-2024/unsafe-op-in-unsafe-fn.html>
     = note: `#[warn(unsafe_op_in_unsafe_fn)]` (part of `#[warn(rust_2024_compatibility)]`) on by default

warning[E0133]: call to unsafe function `generic::Periph::<RB, A>::steal` is unsafe and requires unsafe block
    --> src/lib.rs:1276:24
     |
1276 |             inputmux0: Inputmux0::steal(),
     |                        ^^^^^^^^^^^^^^^^^^ call to unsafe function
     |
     = note: consult the function's documentation for information on how to avoid undefined behavior
     = note: for more information, see <https://doc.rust-lang.org/edition-guide/rust-2024/unsafe-op-in-unsafe-fn.html>

warning[E0133]: call to unsafe function `generic::Periph::<RB, A>::steal` is unsafe and requires unsafe block
    --> src/lib.rs:1277:19
     |
1277 |             i3c0: I3c0::steal(),
     |                   ^^^^^^^^^^^^^ call to unsafe function
     |
     = note: consult the function's documentation for information on how to avoid undefined behavior
     = note: for more information, see <https://doc.rust-lang.org/edition-guide/rust-2024/unsafe-op-in-unsafe-fn.html>

warning[E0133]: call to unsafe function `generic::Periph::<RB, A>::steal` is unsafe and requires unsafe block
    --> src/lib.rs:1278:22
     |
1278 |             ctimer0: Ctimer0::steal(),
     |                      ^^^^^^^^^^^^^^^^ call to unsafe function
     |
     = note: consult the function's documentation for information on how to avoid undefined behavior
     = note: for more information, see <https://doc.rust-lang.org/edition-guide/rust-2024/unsafe-op-in-unsafe-fn.html>

warning[E0133]: call to unsafe function `generic::Periph::<RB, A>::steal` is unsafe and requires unsafe block
    --> src/lib.rs:1279:22
     |
1279 |             ctimer1: Ctimer1::steal(),
     |                      ^^^^^^^^^^^^^^^^ call to unsafe function
     |
     = note: consult the function's documentation for information on how to avoid undefined behavior
     = note: for more information, see <https://doc.rust-lang.org/edition-guide/rust-2024/unsafe-op-in-unsafe-fn.html>

warning[E0133]: call to unsafe function `generic::Periph::<RB, A>::steal` is unsafe and requires unsafe block
    --> src/lib.rs:1280:22
     |
1280 |             ctimer2: Ctimer2::steal(),
     |                      ^^^^^^^^^^^^^^^^ call to unsafe function
     |
     = note: consult the function's documentation for information on how to avoid undefined behavior
     = note: for more information, see <https://doc.rust-lang.org/edition-guide/rust-2024/unsafe-op-in-unsafe-fn.html>

warning[E0133]: call to unsafe function `generic::Periph::<RB, A>::steal` is unsafe and requires unsafe block
    --> src/lib.rs:1281:22
     |
1281 |             ctimer3: Ctimer3::steal(),
     |                      ^^^^^^^^^^^^^^^^ call to unsafe function
     |
     = note: consult the function's documentation for information on how to avoid undefined behavior
     = note: for more information, see <https://doc.rust-lang.org/edition-guide/rust-2024/unsafe-op-in-unsafe-fn.html>

warning[E0133]: call to unsafe function `generic::Periph::<RB, A>::steal` is unsafe and requires unsafe block
    --> src/lib.rs:1282:22
     |
1282 |             ctimer4: Ctimer4::steal(),
     |                      ^^^^^^^^^^^^^^^^ call to unsafe function
     |
     = note: consult the function's documentation for information on how to avoid undefined behavior
     = note: for more information, see <https://doc.rust-lang.org/edition-guide/rust-2024/unsafe-op-in-unsafe-fn.html>

warning[E0133]: call to unsafe function `generic::Periph::<RB, A>::steal` is unsafe and requires unsafe block
    --> src/lib.rs:1283:22
     |
1283 |             freqme0: Freqme0::steal(),
     |                      ^^^^^^^^^^^^^^^^ call to unsafe function
     |
     = note: consult the function's documentation for information on how to avoid undefined behavior
     = note: for more information, see <https://doc.rust-lang.org/edition-guide/rust-2024/unsafe-op-in-unsafe-fn.html>

warning[E0133]: call to unsafe function `generic::Periph::<RB, A>::steal` is unsafe and requires unsafe block
    --> src/lib.rs:1284:21
     |
1284 |             utick0: Utick0::steal(),
     |                     ^^^^^^^^^^^^^^^ call to unsafe function
     |
     = note: consult the function's documentation for information on how to avoid undefined behavior
     = note: for more information, see <https://doc.rust-lang.org/edition-guide/rust-2024/unsafe-op-in-unsafe-fn.html>

warning[E0133]: call to unsafe function `generic::Periph::<RB, A>::steal` is unsafe and requires unsafe block
    --> src/lib.rs:1285:20
     |
1285 |             wwdt0: Wwdt0::steal(),
     |                    ^^^^^^^^^^^^^^ call to unsafe function
     |
     = note: consult the function's documentation for information on how to avoid undefined behavior
     = note: for more information, see <https://doc.rust-lang.org/edition-guide/rust-2024/unsafe-op-in-unsafe-fn.html>

warning[E0133]: call to unsafe function `generic::Periph::<RB, A>::steal` is unsafe and requires unsafe block
    --> src/lib.rs:1286:19
     |
1286 |             dma0: Dma0::steal(),
     |                   ^^^^^^^^^^^^^ call to unsafe function
     |
     = note: consult the function's documentation for information on how to avoid undefined behavior
     = note: for more information, see <https://doc.rust-lang.org/edition-guide/rust-2024/unsafe-op-in-unsafe-fn.html>

s://doc.rust-lang.org/edition-guide/rust-2024/unsafe-op-in-unsafe-fn.html>

warning[E0133]: call to unsafe function `generic::Periph::<RB, A>::steal` is unsafe and requires unsafe block
    --> src/lib.rs:1283:22
     |
1283 |             freqme0: Freqme0::steal(),
     |                      ^^^^^^^^^^^^^^^^ call to unsafe function
     |
     = note: consult the function's documentation for information on how to avoid undefined behavior
     = note: for more information, see <https://doc.rust-lang.org/edition-guide/rust-2024/unsafe-op-in-unsafe-fn.html>

warning[E0133]: call to unsafe function `generic::Periph::<RB, A>::steal` is unsafe and requires unsafe block
    --> src/lib.rs:1284:21
     |
1284 |             utick0: Utick0::steal(),
     |                     ^^^^^^^^^^^^^^^ call to unsafe function
     |
     = note: consult the function's documentation for information on how to avoid undefined behavior
     = note: for more information, see <https://doc.rust-lang.org/edition-guide/rust-2024/unsafe-op-in-unsafe-fn.html>

warning[E0133]: call to unsafe function `generic::Periph::<RB, A>::steal` is unsafe and requires unsafe block
    --> src/lib.rs:1285:20
     |
1285 |             wwdt0: Wwdt0::steal(),
     |                    ^^^^^^^^^^^^^^ call to unsafe function
     |
     = note: consult the function's documentation for information on how to avoid undefined behavior
     = note: for more information, see <https://doc.rust-lang.org/edition-guide/rust-2024/unsafe-op-in-unsafe-fn.html>

warning[E0133]: call to unsafe function `generic::Periph::<RB, A>::steal` is unsafe and requires unsafe block
    --> src/lib.rs:1286:19
     |
1286 |             dma0: Dma0::steal(),
     |                   ^^^^^^^^^^^^^ call to unsafe function
     |
     = note: consult the function's documentation for information on how to avoid undefined behavior
     = note: for more information, see <https://doc.rust-lang.org/edition-guide/rust-2024/unsafe-op-in-unsafe-fn.html>

warning[E0133]: call to unsafe function `generic::Periph::<RB, A>::steal` is unsafe and requires unsafe block
    --> src/lib.rs:1287:26
     |
1287 |             edma_0_tcd0: Edma0Tcd0::steal(),
     |                          ^^^^^^^^^^^^^^^^^^ call to unsafe function
     |
     = note: consult the function's documentation for information on how to avoid undefined behavior
     = note: for more information, see <https://doc.rust-lang.org/edition-guide/rust-2024/unsafe-op-in-unsafe-fn.html>

warning[E0133]: call to unsafe function `generic::Periph::<RB, A>::steal` is unsafe and requires unsafe block
    --> src/lib.rs:1288:19
     |
1288 |             aoi0: Aoi0::steal(),
     |                   ^^^^^^^^^^^^^ call to unsafe function
     |
     = note: consult the function's documentation for information on how to avoid undefined behavior
     = note: for more information, see <https://doc.rust-lang.org/edition-guide/rust-2024/unsafe-op-in-unsafe-fn.html>

warning[E0133]: call to unsafe function `generic::Periph::<RB, A>::steal` is unsafe and requires unsafe block
    --> src/lib.rs:1289:19
     |
1289 |             aoi1: Aoi1::steal(),
     |                   ^^^^^^^^^^^^^ call to unsafe function
     |
     = note: consult the function's documentation for information on how to avoid undefined behavior
     = note: for more information, see <https://doc.rust-lang.org/edition-guide/rust-2024/unsafe-op-in-unsafe-fn.html>

warning[E0133]: call to unsafe function `generic::Periph::<RB, A>::steal` is unsafe and requires unsafe block
    --> src/lib.rs:1290:19
     |
1290 |             crc0: Crc0::steal(),
     |                   ^^^^^^^^^^^^^ call to unsafe function
     |
     = note: consult the function's documentation for information on how to avoid undefined behavior
     = note: for more information, see <https://doc.rust-lang.org/edition-guide/rust-2024/unsafe-op-in-unsafe-fn.html>

warning[E0133]: call to unsafe function `generic::Periph::<RB, A>::steal` is unsafe and requires unsafe block
    --> src/lib.rs:1291:18
     |
1291 |             cmc: Cmc::steal(),
     |                  ^^^^^^^^^^^^ call to unsafe function
     |
     = note: consult the function's documentation for information on how to avoid undefined behavior
     = note: for more information, see <https://doc.rust-lang.org/edition-guide/rust-2024/unsafe-op-in-unsafe-fn.html>

warning[E0133]: call to unsafe function `generic::Periph::<RB, A>::steal` is unsafe and requires unsafe block
    --> src/lib.rs:1292:19
     |
1292 |             eim0: Eim0::steal(),
     |                   ^^^^^^^^^^^^^ call to unsafe function
     |
     = note: consult the function's documentation for information on how to avoid undefined behavior
     = note: for more information, see <https://doc.rust-lang.org/edition-guide/rust-2024/unsafe-op-in-unsafe-fn.html>

warning[E0133]: call to unsafe function `generic::Periph::<RB, A>::steal` is unsafe and requires unsafe block
    --> src/lib.rs:1293:19
     |
1293 |             erm0: Erm0::steal(),
     |                   ^^^^^^^^^^^^^ call to unsafe function
     |
     = note: consult the function's documentation for information on how to avoid undefined behavior
     = note: for more information, see <https://doc.rust-lang.org/edition-guide/rust-2024/unsafe-op-in-unsafe-fn.html>

warning[E0133]: call to unsafe function `generic::Periph::<RB, A>::steal` is unsafe and requires unsafe block
    --> src/lib.rs:1294:19
     |
1294 |             mbc0: Mbc0::steal(),
     |                   ^^^^^^^^^^^^^ call to unsafe function
     |
     = note: consult the function's documentation for information on how to avoid undefined behavior
     = note: for more information, see <https://doc.rust-lang.org/edition-guide/rust-2024/unsafe-op-in-unsafe-fn.html>

warning[E0133]: call to unsafe function `generic::Periph::<RB, A>::steal` is unsafe and requires unsafe block
    --> src/lib.rs:1287:26
     |
1287 |             edma_0_tcd0: Edma0Tcd0::steal(),
     |                          ^^^^^^^^^^^^^^^^^^ call to unsafe function
     |
     = note: consult the function's documentation for information on how to avoid undefined behavior
     = note: for more information, see <https://doc.rust-lang.org/edition-guide/rust-2024/unsafe-op-in-unsafe-fn.html>

warning[E0133]: call to unsafe function `generic::Periph::<RB, A>::steal` is unsafe and requires unsafe block
    --> src/lib.rs:1288:19
     |
1288 |             aoi0: Aoi0::steal(),
     |                   ^^^^^^^^^^^^^ call to unsafe function
     |
     = note: consult the function's documentation for information on how to avoid undefined behavior
     = note: for more information, see <https://doc.rust-lang.org/edition-guide/rust-2024/unsafe-op-in-unsafe-fn.html>

warning[E0133]: call to unsafe function `generic::Periph::<RB, A>::steal` is unsafe and requires unsafe block
    --> src/lib.rs:1289:19
     |
1289 |             aoi1: Aoi1::steal(),
     |                   ^^^^^^^^^^^^^ call to unsafe function
     |
     = note: consult the function's documentation for information on how to avoid undefined behavior
     = note: for more information, see <https://doc.rust-lang.org/edition-guide/rust-2024/unsafe-op-in-unsafe-fn.html>

warning[E0133]: call to unsafe function `generic::Periph::<RB, A>::steal` is unsafe and requires unsafe block
    --> src/lib.rs:1290:19
     |
1290 |             crc0: Crc0::steal(),
     |                   ^^^^^^^^^^^^^ call to unsafe function
     |
     = note: consult the function's documentation for information on how to avoid undefined behavior
     = note: for more information, see <https://doc.rust-lang.org/edition-guide/rust-2024/unsafe-op-in-unsafe-fn.html>

warning[E0133]: call to unsafe function `generic::Periph::<RB, A>::steal` is unsafe and requires unsafe block
    --> src/lib.rs:1291:18
     |
1291 |             cmc: Cmc::steal(),
     |                  ^^^^^^^^^^^^ call to unsafe function
     |
     = note: consult the function's documentation for information on how to avoid undefined behavior
     = note: for more information, see <https://doc.rust-lang.org/edition-guide/rust-2024/unsafe-op-in-unsafe-fn.html>

warning[E0133]: call to unsafe function `generic::Periph::<RB, A>::steal` is unsafe and requires unsafe block
    --> src/lib.rs:1292:19
     |
1292 |             eim0: Eim0::steal(),
     |                   ^^^^^^^^^^^^^ call to unsafe function
     |
     = note: consult the function's documentation for information on how to avoid undefined behavior
     = note: for more information, see <https://doc.rust-lang.org/edition-guide/rust-2024/unsafe-op-in-unsafe-fn.html>

warning[E0133]: call to unsafe function `generic::Periph::<RB, A>::steal` is unsafe and requires unsafe block
    --> src/lib.rs:1293:19
     |
1293 |             erm0: Erm0::steal(),
     |                   ^^^^^^^^^^^^^ call to unsafe function
     |
     = note: consult the function's documentation for information on how to avoid undefined behavior
     = note: for more information, see <https://doc.rust-lang.org/edition-guide/rust-2024/unsafe-op-in-unsafe-fn.html>

warning[E0133]: call to unsafe function `generic::Periph::<RB, A>::steal` is unsafe and requires unsafe block
    --> src/lib.rs:1294:19
     |
1294 |             mbc0: Mbc0::steal(),
     |                   ^^^^^^^^^^^^^ call to unsafe function
     |
     = note: consult the function's documentation for information on how to avoid undefined behavior
     = note: for more information, see <https://doc.rust-lang.org/edition-guide/rust-2024/unsafe-op-in-unsafe-fn.html>

warning[E0133]: call to unsafe function `generic::Periph::<RB, A>::steal` is unsafe and requires unsafe block
    --> src/lib.rs:1295:19
     |
1295 |             scg0: Scg0::steal(),
     |                   ^^^^^^^^^^^^^ call to unsafe function
     |
     = note: consult the function's documentation for information on how to avoid undefined behavior
     = note: for more information, see <https://doc.rust-lang.org/edition-guide/rust-2024/unsafe-op-in-unsafe-fn.html>

warning[E0133]: call to unsafe function `generic::Periph::<RB, A>::steal` is unsafe and requires unsafe block
    --> src/lib.rs:1295:19
     |
1295 |             scg0: Scg0::steal(),
     |                   ^^^^^^^^^^^^^ call to unsafe function
     |
     = note: consult the function's documentation for information on how to avoid undefined behavior
     = note: for more information, see <https://doc.rust-lang.org/edition-guide/rust-2024/unsafe-op-in-unsafe-fn.html>

warning[E0133]: call to unsafe function `generic::Periph::<RB, A>::steal` is unsafe and requires unsafe block
    --> src/lib.rs:1296:19
     |
1296 |             spc0: Spc0::steal(),
     |warning[E0133]: call to unsafe function `generic::Periph::<RB, A>::steal` is unsafe and requires unsafe block
    --> src/lib.rs:1296:19
     |
1296 |             spc0: Spc0::steal(),
     |                   ^^^^^^^^^^^^^ call to unsafe function
     |
     = note: consult the function's documentation for information on how to avoid undefined behavior
     =                    ^^^^^^^^^^^^^ call to unsafe function
     |
     = note: consult the function's documentation for information on how to avoid undefined behavior
     = note: for more information, see <https://doc.rust-lang.org/edition-guide/rust-2024/unsafe-op-in-unsafe-fn.html>

note: for more information, see <https://doc.rust-lang.org/edition-guide/rust-2024/unsafe-op-in-unsafe-fn.html>

warning[E0133]: call to unsafe function `generic::Periph::<RB, A>::steal` is unsafe and requires unsafe block
    --> src/lib.rs:1297:20
     |warning[E0133]: call to unsafe function `generic::Periph::<RB, A>::steal` is unsafe and requires unsafe block
    --> src/lib.rs:1297:20
     |
1297 |             mrcc0: Mrcc0::steal(),
     |                    ^^^^^^^^^^^^^^ 
1297 |             mrcc0: Mrcc0::steal(),
     |                    ^^^^^^^^^^^^^^ call to unsafe function
     |
     = note: consult the function's documentation for information on how to avoid undefined behavior
     = notecall to unsafe function
     |
     = note: consult the function's documentation for information on how to avoid undefined behavior
     = note: for more information, see <https://doc.rust-lang.org/edition-guide/rust-2024/unsafe-op-in-unsafe-fn.html>

: for more information, see <https://doc.rust-lang.org/edition-guide/rust-2024/unsafe-op-in-unsafe-fn.html>

warning[E0133]: call to unsafe function `generic::Periph::<RB, A>::steal` is unsafe and requires unsafe block
    --> src/lib.rs:1298:21
     warning[E0133]: call to unsafe function `generic::Periph::<RB, A>::steal` is unsafe and requires unsafe block
    --> src/lib.rs:1298:21
     |
1298 |             syscon: Syscon::steal(),
     |                     ^^^^^^^^^^^^^^^|
1298 |             syscon: Syscon::steal(),
     |                     ^^^^^^^^^^^^^^^ call to unsafe function
     |
     = note: consult the function's documentation for information on how to avoid undefined behavior
      call to unsafe function
     |
     = note: consult the function's documentation for information on how to avoid undefined behavior
     = note: for more information, see <https://doc.rust-lang.org/edition-guide/rust-2024/unsafe-op-in-unsafe-fn.html>

= note: for more information, see <https://doc.rust-lang.org/edition-guide/rust-2024/unsafe-op-in-unsafe-fn.html>

warning[E0133]: call to unsafe function `generic::Periph::<RB, A>::steal` is unsafe and requires unsafe block
    --> src/lib.rs:1299:22
     warning[E0133]: call to unsafe function `generic::Periph::<RB, A>::steal` is unsafe and requires unsafe block
    --> src/lib.rs:1299:22
     |
1299 |             glikey0: Glikey0::steal(),
     |                      ^^^^^^^^^^^^^^^^|
1299 |             glikey0: Glikey0::steal(),
     |                      ^^^^^^^^^^^^^^^^ call to unsafe function
     |
     = note: consult the function's documentation for information on how to avoid undefined behavior
      call to unsafe function
     |
     = note: consult the function's documentation for information on how to avoid undefined behavior
     = note: for more information, see <https://doc.rust-lang.org/edition-guide/rust-2024/unsafe-op-in-unsafe-fn.html>

= note: for more information, see <https://doc.rust-lang.org/edition-guide/rust-2024/unsafe-op-in-unsafe-fn.html>

warning[E0133]: call to unsafe function `generic::Periph::<RB, A>::steal` is unsafe and requires unsafe block
    --> src/lib.rs:1300:19
     warning[E0133]: call to unsafe function `generic::Periph::<RB, A>::steal` is unsafe and requires unsafe block
    --> src/lib.rs:1300:19
     |
1300 |             wuu0: Wuu0::steal(),
     |                   ^^^^^^^^^^^^^ call to unsafe function
     |
1300 |             wuu0: Wuu0::steal(),
     |                   ^^^^^^^^^^^^^ call to unsafe function
     |
     = note: consult the function's documentation for information on how to avoid undefined behavior
     = note: for more information, see <https://doc.rust-lang.org/edition-guide/rust-2024/unsafe-op-in-unsafe-fn.html>
|
     = note: consult the function's documentation for information on how to avoid undefined behavior
     = note: for more information, see <https://doc.rust-lang.org/edition-guide/rust-2024/unsafe-op-in-unsafe-fn.html>


warning[E0133]: call to unsafe function `generic::Periph::<RB, A>::steal` is unsafe and requires unsafe block
    --> src/lib.rs:1301:20
     warning[E0133]: call to unsafe function `generic::Periph::<RB, A>::steal` is unsafe and requires unsafe block
    --> src/lib.rs:1301:20
     |
1301 |             vbat0: Vbat0::steal(),
     |                    ^^^^^^^^^^^^^^ |
1301 |             vbat0: Vbat0::steal(),
     |                    ^^^^^^^^^^^^^^ call to unsafe function
     |
     = note: consult the function's documentation for information on how to avoid undefined behavior
     = call to unsafe function
     |
     = note: consult the function's documentation for information on how to avoid undefined behavior
     = note: for more information, see <https://doc.rust-lang.org/edition-guide/rust-2024/unsafe-op-in-unsafe-fn.html>

note: for more information, see <https://doc.rust-lang.org/edition-guide/rust-2024/unsafe-op-in-unsafe-fn.html>

warning[E0133]: call to unsafe function `generic::Periph::<RB, A>::steal` is unsafe and requires unsafe block
    --> src/lib.rs:1302:19
     |
warning[E0133]: call to unsafe function `generic::Periph::<RB, A>::steal` is unsafe and requires unsafe block
    --> src/lib.rs:1302:19
     |
1302 |             fmc0: Fmc0::steal(),
     |                   ^^^^^^^^^^^^^ 1302 |             fmc0: Fmc0::steal(),
     |                   ^^^^^^^^^^^^^ call to unsafe function
     |
     = note: consult the function's documentation for information on how to avoid undefined behavior
     = call to unsafe function
     |
     = note: consult the function's documentation for information on how to avoid undefined behavior
     = note: for more information, see <https://doc.rust-lang.org/edition-guide/rust-2024/unsafe-op-in-unsafe-fn.html>

note: for more information, see <https://doc.rust-lang.org/edition-guide/rust-2024/unsafe-op-in-unsafe-fn.html>

warning[E0133]: call to unsafe function `generic::Periph::<RB, A>::steal` is unsafe and requires unsafe block
    --> src/lib.rs:1303:19
     warning[E0133]: call to unsafe function `generic::Periph::<RB, A>::steal` is unsafe and requires unsafe block
    --> src/lib.rs:1303:19
     |
1303 |             fmu0: Fmu0::steal(),
     |                   ^^^^^^^^^^^^^|
1303 |             fmu0: Fmu0::steal(),
     |                   ^^^^^^^^^^^^^ call to unsafe function
     |
     = note: consult the function's documentation for information on how to avoid undefined behavior
      call to unsafe function
     |
     = note: consult the function's documentation for information on how to avoid undefined behavior
     = note: for more information, see <https://doc.rust-lang.org/edition-guide/rust-2024/unsafe-op-in-unsafe-fn.html>
= note: for more information, see <https://doc.rust-lang.org/edition-guide/rust-2024/unsafe-op-in-unsafe-fn.html>


warning[E0133]: call to unsafe function `generic::Periph::<RB, A>::steal` is unsafe and requires unsafe block
    --> warning[E0133]: call to unsafe function `generic::Periph::<RB, A>::steal` is unsafe and requires unsafe block
    --> src/lib.rs:1304:23
     |
1304 |             fmu0test: Fmu0test::steal(),
     |                       src/lib.rs:1304:23
     |
1304 |             fmu0test: Fmu0test::steal(),
     |                       ^^^^^^^^^^^^^^^^^ call to unsafe function
     |
     = note: consult the function's documentation for information on how to avoid undefined behavior
     = note: for more information, see <https://doc.rust-lang.org/edition-guide/rust-2024/unsafe-op-in-unsafe-fn.html>

^^^^^^^^^^^^^^^^^ call to unsafe function
     |
     = note: consult the function's documentation for information on how to avoid undefined behavior
     = note: for more information, see <https://doc.rust-lang.org/edition-guide/rust-2024/unsafe-op-in-unsafe-fn.html>

warning[E0133]: call to unsafe function `generic::Periph::<RB, A>::steal` is unsafe and requires unsafe block
    --> warning[E0133]: call to unsafe function `generic::Periph::<RB, A>::steal` is unsafe and requires unsafe block
    --> src/lib.rs:1305:22
     |
1305 |             flexio0: Flexio0::steal(),
     |                      ^^^^^^^^^^^^^^^^src/lib.rs:1305:22
     |
1305 |             flexio0: Flexio0::steal(),
     |                      ^^^^^^^^^^^^^^^^ call to unsafe function
     |
     = note: consult the function's documentation for information on how to avoid undefined behavior
      call to unsafe function
     |
     = note: consult the function's documentation for information on how to avoid undefined behavior
     = note: for more information, see <https://doc.rust-lang.org/edition-guide/rust-2024/unsafe-op-in-unsafe-fn.html>

= note: for more information, see <https://doc.rust-lang.org/edition-guide/rust-2024/unsafe-op-in-unsafe-fn.html>

warning[E0133]: call to unsafe function `generic::Periph::<RB, A>::steal` is unsafe and requires unsafe block
    --> warning[E0133]: call to unsafe function `generic::Periph::<RB, A>::steal` is unsafe and requires unsafe block
    --> src/lib.rs:1306:21
     |
1306 |             lpi2c0: Lpi2c0::steal(),
     |                     src/lib.rs:1306:21
     |
1306 |             lpi2c0: Lpi2c0::steal(),
     |                     ^^^^^^^^^^^^^^^ call to unsafe function
     |
     = note^^^^^^^^^^^^^^^ call to unsafe function
     |
     = note: consult the function's documentation for information on how to avoid undefined behavior
     = note: for more information, see <https://doc.rust-lang.org/edition-guide/rust-2024/unsafe-op-in-unsafe-fn.html>

: consult the function's documentation for information on how to avoid undefined behavior
     = note: for more information, see <https://doc.rust-lang.org/edition-guide/rust-2024/unsafe-op-in-unsafe-fn.html>

warning[E0133]: call to unsafe function `generic::Periph::<RB, A>::steal` is unsafe and requires unsafe block
    --> src/lib.rs:1307:21
     warning[E0133]: call to unsafe function `generic::Periph::<RB, A>::steal` is unsafe and requires unsafe block
    --> src/lib.rs:1307:21
     |
1307 |             lpi2c1: Lpi2c1::steal(),
     |                     ^^^^^^^^^^^^^^^ |
1307 |             lpi2c1: Lpi2c1::steal(),
     |                     ^^^^^^^^^^^^^^^ call to unsafe function
     |
     = note: consult the function's documentation for information on how to avoid undefined behavior
     = notecall to unsafe function
     |
     = note: consult the function's documentation for information on how to avoid undefined behavior
     = note: for more information, see <https://doc.rust-lang.org/edition-guide/rust-2024/unsafe-op-in-unsafe-fn.html>

: for more information, see <https://doc.rust-lang.org/edition-guide/rust-2024/unsafe-op-in-unsafe-fn.html>

warning[E0133]: call to unsafe function `generic::Periph::<RB, A>::steal` is unsafe and requires unsafe block
    --> src/lib.rs:1308:21
     warning[E0133]: call to unsafe function `generic::Periph::<RB, A>::steal` is unsafe and requires unsafe block
    --> src/lib.rs:1308:21
     |
1308 |             lpi2c2: Lpi2c2::steal(),
     |                     ^^^^^^^^^^^^^^^|
1308 |             lpi2c2: Lpi2c2::steal(),
     |                     ^^^^^^^^^^^^^^^ call to unsafe function
     |
     = note: consult the function's documentation for information on how to avoid undefined behavior
     = note: for more information, see <https://doc.rust-lang.org/edition-guide/rust-2024/unsafe-op-in-unsafe-fn.html>

 call to unsafe function
     |
     = note: consult the function's documentation for information on how to avoid undefined behavior
     = note: for more information, see <https://doc.rust-lang.org/edition-guide/rust-2024/unsafe-op-in-unsafe-fn.html>

warning[E0133]warning[E0133]: call to unsafe function `generic::Periph::<RB, A>::steal` is unsafe and requires unsafe block
    --> src/lib.rs:1309:21
     |
1309 |: call to unsafe function `generic::Periph::<RB, A>::steal` is unsafe and requires unsafe block
    --> src/lib.rs:1309:21
     |
1309 |             lpi2c3: Lpi2c3::steal(),
     |                     ^^^^^^^^^^^^^^^ call to unsafe function
     |             lpi2c3: Lpi2c3::steal(),
     |                     ^^^^^^^^^^^^^^^ call to unsafe function
     |
     = note: consult the function's documentation for information on how to avoid undefined behavior
     = note: for more information, see <https://doc.rust-lang.org/edition-guide/rust-2024/unsafe-op-in-unsafe-fn.html>

     = note: consult the function's documentation for information on how to avoid undefined behavior
     = note: for more information, see <https://doc.rust-lang.org/edition-guide/rust-2024/unsafe-op-in-unsafe-fn.html>


warning[E0133]: call to unsafe function `generic::Periph::<RB, A>::steal` is unsafe and requires unsafe block
    --> src/lib.rs:1310:21
     warning[E0133]: call to unsafe function `generic::Periph::<RB, A>::steal` is unsafe and requires unsafe block
    --> src/lib.rs:1310:21
     |
1310 |             lpspi0: Lpspi0::steal(),
     |                     ^^^^^^^^^^^^^^^ |
1310 |             lpspi0: Lpspi0::steal(),
     |                     ^^^^^^^^^^^^^^^ call to unsafe function
     |
     = note: consult the function's documentation for information on how to avoid undefined behavior
     = notecall to unsafe function
     |
     = note: consult the function's documentation for information on how to avoid undefined behavior
     = note: for more information, see <https://doc.rust-lang.org/edition-guide/rust-2024/unsafe-op-in-unsafe-fn.html>

: for more information, see <https://doc.rust-lang.org/edition-guide/rust-2024/unsafe-op-in-unsafe-fn.html>

warning[E0133]: call to unsafe function `generic::Periph::<RB, A>::steal` is unsafe and requires unsafe block
    --> src/lib.rs:1311:21
     warning[E0133]: call to unsafe function `generic::Periph::<RB, A>::steal` is unsafe and requires unsafe block
    --> src/lib.rs:1311:21
     |
1311 |             lpspi1: Lpspi1::steal(),
     |                     ^^^^^^^^^^^^^^^|
1311 |             lpspi1: Lpspi1::steal(),
     |                     ^^^^^^^^^^^^^^^ call to unsafe function
     |
     = note: consult the function's documentation for information on how to avoid undefined behavior
      call to unsafe function
     |
     = note: consult the function's documentation for information on how to avoid undefined behavior
     = note: for more information, see <https://doc.rust-lang.org/edition-guide/rust-2024/unsafe-op-in-unsafe-fn.html>

= note: for more information, see <https://doc.rust-lang.org/edition-guide/rust-2024/unsafe-op-in-unsafe-fn.html>

warning[E0133]: call to unsafe function `generic::Periph::<RB, A>::steal` is unsafe and requires unsafe block
    --> src/lib.rs:1312:22
     warning[E0133]: call to unsafe function `generic::Periph::<RB, A>::steal` is unsafe and requires unsafe block
    --> src/lib.rs:1312:22
     |
1312 |             lpuart0: Lpuart0::steal(),
     |                      ^^^^^^^^^^^^^^^^ |
1312 |             lpuart0: Lpuart0::steal(),
     |                      ^^^^^^^^^^^^^^^^ call to unsafe function
     |
     = note: consult the function's documentation for information on how to avoid undefined behavior
     = notecall to unsafe function
     |
     = note: consult the function's documentation for information on how to avoid undefined behavior
     = note: for more information, see <https://doc.rust-lang.org/edition-guide/rust-2024/unsafe-op-in-unsafe-fn.html>

: for more information, see <https://doc.rust-lang.org/edition-guide/rust-2024/unsafe-op-in-unsafe-fn.html>

warning[E0133]: call to unsafe function `generic::Periph::<RB, A>::steal` is unsafe and requires unsafe block
    --> src/lib.rs:1313:22
     warning[E0133]: call to unsafe function `generic::Periph::<RB, A>::steal` is unsafe and requires unsafe block
    --> src/lib.rs:1313:22
     |
1313 |             lpuart1: Lpuart1::steal(),
     |                      ^^^^^^^^^^^^^^^^ |
1313 |             lpuart1: Lpuart1::steal(),
     |                      ^^^^^^^^^^^^^^^^ call to unsafe function
     |
     = note: consult the function's documentation for information on how to avoid undefined behavior
     = notecall to unsafe function
     |
     = note: consult the function's documentation for information on how to avoid undefined behavior
     = note: for more information, see <https://doc.rust-lang.org/edition-guide/rust-2024/unsafe-op-in-unsafe-fn.html>

: for more information, see <https://doc.rust-lang.org/edition-guide/rust-2024/unsafe-op-in-unsafe-fn.html>

warning[E0133]: call to unsafe function `generic::Periph::<RB, A>::steal` is unsafe and requires unsafe block
    --> src/lib.rs:1314:22
     warning[E0133]: call to unsafe function `generic::Periph::<RB, A>::steal` is unsafe and requires unsafe block
    --> src/lib.rs:1314:22
     |
1314 |             lpuart2: Lpuart2::steal(),
     |                      ^^^^^^^^^^^^^^^^|
1314 |             lpuart2: Lpuart2::steal(),
     |                      ^^^^^^^^^^^^^^^^ call to unsafe function
     |
     = note: consult the function's documentation for information on how to avoid undefined behavior
      call to unsafe function
     |
     = note: consult the function's documentation for information on how to avoid undefined behavior
     = note: for more information, see <https://doc.rust-lang.org/edition-guide/rust-2024/unsafe-op-in-unsafe-fn.html>

= note: for more information, see <https://doc.rust-lang.org/edition-guide/rust-2024/unsafe-op-in-unsafe-fn.html>

warning[E0133]: call to unsafe function `generic::Periph::<RB, A>::steal` is unsafe and requires unsafe block
    --> warning[E0133]: call to unsafe function `generic::Periph::<RB, A>::steal` is unsafe and requires unsafe block
    --> src/lib.rs:1315:22
     |
1315 |             lpuart3: Lpuart3::steal(),
     |                      src/lib.rs:1315:22
     |
1315 |             lpuart3: Lpuart3::steal(),
     |                      ^^^^^^^^^^^^^^^^ call to unsafe function
     |
     = note^^^^^^^^^^^^^^^^ call to unsafe function
     |
     = note: consult the function's documentation for information on how to avoid undefined behavior
     = note: for more information, see <https://doc.rust-lang.org/edition-guide/rust-2024/unsafe-op-in-unsafe-fn.html>

: consult the function's documentation for information on how to avoid undefined behavior
     = note: for more information, see <https://doc.rust-lang.org/edition-guide/rust-2024/unsafe-op-in-unsafe-fn.html>

warning[E0133]: call to unsafe function `generic::Periph::<RB, A>::steal` is unsafe and requires unsafe block
    --> warning[E0133]: call to unsafe function `generic::Periph::<RB, A>::steal` is unsafe and requires unsafe block
    --> src/lib.rs:1316:22
     |
1316 |             lpuart4: Lpuart4::steal(),
     |                      src/lib.rs:1316:22
     |
1316 |             lpuart4: Lpuart4::steal(),
     |                      ^^^^^^^^^^^^^^^^ call to unsafe function
     |
     = note^^^^^^^^^^^^^^^^ call to unsafe function
     |
     = note: consult the function's documentation for information on how to avoid undefined behavior
     = note: for more information, see <https://doc.rust-lang.org/edition-guide/rust-2024/unsafe-op-in-unsafe-fn.html>

: consult the function's documentation for information on how to avoid undefined behavior
     = note: for more information, see <https://doc.rust-lang.org/edition-guide/rust-2024/unsafe-op-in-unsafe-fn.html>

warning[E0133]: call to unsafe function `generic::Periph::<RB, A>::steal` is unsafe and requires unsafe block
    --> src/lib.rs:1317:19
     |
1317 |             usb0: Usb0::steal(),
     |                   ^^^^^^^^^^^^^ call to unsafe function
     |
     = note: consult the function's documentation for information on how to avoid undefined behavior
     = note: for more information, see <https://doc.rust-lang.org/edition-guide/rust-2024/unsafe-op-in-unsafe-fn.html>

warning[E0133]: call to unsafe function `generic::Periph::<RB, A>::steal` is unsafe and requires unsafe block
    --> src/lib.rs:1317:19
     |
1317 |             usb0: Usb0::steal(),
     |                   ^^^^^^^^^^^^^ call to unsafe function
     |
     = note: consult the function's documentation for information on how to avoid undefined behavior
     = note: for more information, see <https://doc.rust-lang.org/edition-guide/rust-2024/unsafe-op-in-unsafe-fn.html>

warning[E0133]: call to unsafe function `generic::Periph::<RB, A>::steal` is unsafe and requires unsafe block
    --> src/lib.rs:1318:19
     warning[E0133]: call to unsafe function `generic::Periph::<RB, A>::steal` is unsafe and requires unsafe block
    --> src/lib.rs:1318:19
     |
1318 |             qdc0: Qdc0::steal(),
     |                   ^^^^^^^^^^^^^|
1318 |             qdc0: Qdc0::steal(),
     |                   ^^^^^^^^^^^^^ call to unsafe function
     |
     = note: consult the function's documentation for information on how to avoid undefined behavior
      call to unsafe function
     |
     = note: consult the function's documentation for information on how to avoid undefined behavior
     = note: for more information, see <https://doc.rust-lang.org/edition-guide/rust-2024/unsafe-op-in-unsafe-fn.html>

= note: for more information, see <https://doc.rust-lang.org/edition-guide/rust-2024/unsafe-op-in-unsafe-fn.html>

warning[E0133]: call to unsafe function `generic::Periph::<RB, A>::steal` is unsafe and requires unsafe block
    --> src/lib.rs:1319:19
     warning[E0133]: call to unsafe function `generic::Periph::<RB, A>::steal` is unsafe and requires unsafe block
    --> src/lib.rs:1319:19
     |
1319 |             qdc1: Qdc1::steal(),
     |                   ^^^^^^^^^^^^^ |
1319 |             qdc1: Qdc1::steal(),
     |                   ^^^^^^^^^^^^^ call to unsafe function
     |
     = note: consult the function's documentation for information on how to avoid undefined behavior
     = notecall to unsafe function
     |
     = note: consult the function's documentation for information on how to avoid undefined behavior
     = note: for more information, see <https://doc.rust-lang.org/edition-guide/rust-2024/unsafe-op-in-unsafe-fn.html>

: for more information, see <https://doc.rust-lang.org/edition-guide/rust-2024/unsafe-op-in-unsafe-fn.html>

warning[E0133]: call to unsafe function `generic::Periph::<RB, A>::steal` is unsafe and requires unsafe block
    --> src/lib.rs:1320:23
     warning[E0133]: call to unsafe function `generic::Periph::<RB, A>::steal` is unsafe and requires unsafe block
    --> src/lib.rs:1320:23
     |
1320 |             flexpwm0: Flexpwm0::steal(),
     |                       ^^^^^^^^^^^^^^^^^ |
1320 |             flexpwm0: Flexpwm0::steal(),
     |                       ^^^^^^^^^^^^^^^^^ call to unsafe function
     |
     = note: consult the function's documentation for information on how to avoid undefined behavior
     = call to unsafe function
     |
     = note: consult the function's documentation for information on how to avoid undefined behavior
     = note: for more information, see <https://doc.rust-lang.org/edition-guide/rust-2024/unsafe-op-in-unsafe-fn.html>

note: for more information, see <https://doc.rust-lang.org/edition-guide/rust-2024/unsafe-op-in-unsafe-fn.html>

warning[E0133]: call to unsafe function `generic::Periph::<RB, A>::steal` is unsafe and requires unsafe block
    --> src/lib.rs:1321:23
     warning[E0133]: call to unsafe function `generic::Periph::<RB, A>::steal` is unsafe and requires unsafe block
    --> src/lib.rs:1321:23
     |
1321 |             flexpwm1: Flexpwm1::steal(),
     |                       ^^^^^^^^^^^^^^^^^ call to unsafe function
     |
     = |
1321 |             flexpwm1: Flexpwm1::steal(),
     |                       ^^^^^^^^^^^^^^^^^ call to unsafe function
     |
     = note: consult the function's documentation for information on how to avoid undefined behavior
     = note: for more information, see <https://doc.rust-lang.org/edition-guide/rust-2024/unsafe-op-in-unsafe-fn.html>

note: consult the function's documentation for information on how to avoid undefined behavior
     = note: for more information, see <https://doc.rust-lang.org/edition-guide/rust-2024/unsafe-op-in-unsafe-fn.html>

warning[E0133]: call to unsafe function `generic::Periph::<RB, A>::steal` is unsafe and requires unsafe block
    --> src/lib.rs:1322:21
     warning[E0133]: call to unsafe function `generic::Periph::<RB, A>::steal` is unsafe and requires unsafe block
    --> src/lib.rs:1322:21
     |
1322 |             lptmr0: Lptmr0::steal(),
     |                     ^^^^^^^^^^^^^^^ |
1322 |             lptmr0: Lptmr0::steal(),
     |                     ^^^^^^^^^^^^^^^ call to unsafe function
     |
     = note: consult the function's documentation for information on how to avoid undefined behavior
     = call to unsafe function
     |
     = note: consult the function's documentation for information on how to avoid undefined behavior
     = note: for more information, see <https://doc.rust-lang.org/edition-guide/rust-2024/unsafe-op-in-unsafe-fn.html>

note: for more information, see <https://doc.rust-lang.org/edition-guide/rust-2024/unsafe-op-in-unsafe-fn.html>

warning[E0133]: call to unsafe function `generic::Periph::<RB, A>::steal` is unsafe and requires unsafe block
    --> src/lib.rs:1323:23
     warning[E0133]: call to unsafe function `generic::Periph::<RB, A>::steal` is unsafe and requires unsafe block
    --> src/lib.rs:1323:23
     |
1323 |             ostimer0: Ostimer0::steal(),
     |                       ^^^^^^^^^^^^^^^^^ |
1323 |             ostimer0: Ostimer0::steal(),
     |                       ^^^^^^^^^^^^^^^^^ call to unsafe function
     |
     = note: consult the function's documentation for information on how to avoid undefined behavior
     = notecall to unsafe function
     |
     = note: consult the function's documentation for information on how to avoid undefined behavior
     = note: for more information, see <https://doc.rust-lang.org/edition-guide/rust-2024/unsafe-op-in-unsafe-fn.html>

: for more information, see <https://doc.rust-lang.org/edition-guide/rust-2024/unsafe-op-in-unsafe-fn.html>

warning[E0133]: call to unsafe function `generic::Periph::<RB, A>::steal` is unsafe and requires unsafe block
    --> src/lib.rs:1324:25
     warning[E0133]: call to unsafe function `generic::Periph::<RB, A>::steal` is unsafe and requires unsafe block
    --> src/lib.rs:1324:25
     |
1324 |             waketimer0: Waketimer0::steal(),
     |                         ^^^^^^^^^^^^^^^^^^^ |
1324 |             waketimer0: Waketimer0::steal(),
     |                         ^^^^^^^^^^^^^^^^^^^ call to unsafe function
     |
     = note: consult the function's documentation for information on how to avoid undefined behavior
     = call to unsafe function
     |
     = note: consult the function's documentation for information on how to avoid undefined behavior
     = note: for more information, see <https://doc.rust-lang.org/edition-guide/rust-2024/unsafe-op-in-unsafe-fn.html>

note: for more information, see <https://doc.rust-lang.org/edition-guide/rust-2024/unsafe-op-in-unsafe-fn.html>

warning[E0133]: call to unsafe function `generic::Periph::<RB, A>::steal` is unsafe and requires unsafe block
    --> src/lib.rs:1325:19
     warning[E0133]: call to unsafe function `generic::Periph::<RB, A>::steal` is unsafe and requires unsafe block
    --> src/lib.rs:1325:19
     |
1325 |             adc0: Adc0::steal(),
     |                   ^^^^^^^^^^^^^ |
1325 |             adc0: Adc0::steal(),
     |                   ^^^^^^^^^^^^^ call to unsafe function
     |
     = note: consult the function's documentation for information on how to avoid undefined behavior
     = note: for more information, see <https://doc.rust-lang.org/edition-guide/rust-2024/unsafe-op-in-unsafe-fn.html>

call to unsafe function
     |
     = note: consult the function's documentation for information on how to avoid undefined behavior
     = note: for more information, see <https://doc.rust-lang.org/edition-guide/rust-2024/unsafe-op-in-unsafe-fn.html>

warning[E0133]: call to unsafe function `generic::Periph::<RB, A>::steal` is unsafe and requires unsafe block
    --> src/lib.rs:1326:19
     warning[E0133]: call to unsafe function `generic::Periph::<RB, A>::steal` is unsafe and requires unsafe block
    --> src/lib.rs:1326:19
     |
1326 |             adc1: Adc1::steal(),
     |                   ^^^^^^^^^^^^^ |
1326 |             adc1: Adc1::steal(),
     |                   ^^^^^^^^^^^^^ call to unsafe function
     |
     = note: consult the function's documentation for information on how to avoid undefined behavior
     = notecall to unsafe function
     |
     = note: consult the function's documentation for information on how to avoid undefined behavior
     = note: for more information, see <https://doc.rust-lang.org/edition-guide/rust-2024/unsafe-op-in-unsafe-fn.html>

: for more information, see <https://doc.rust-lang.org/edition-guide/rust-2024/unsafe-op-in-unsafe-fn.html>

warning[E0133]: call to unsafe function `generic::Periph::<RB, A>::steal` is unsafe and requires unsafe block
    --> src/lib.rs:1327:19
     warning[E0133]: call to unsafe function `generic::Periph::<RB, A>::steal` is unsafe and requires unsafe block
    --> src/lib.rs:1327:19
     |
1327 |             cmp0: Cmp0::steal(),
     |                   ^^^^^^^^^^^^^ |
1327 |             cmp0: Cmp0::steal(),
     |                   ^^^^^^^^^^^^^ call to unsafe function
     |
     = note: consult the function's documentation for information on how to avoid undefined behavior
     = call to unsafe function
     |
     = note: consult the function's documentation for information on how to avoid undefined behavior
     = note: for more information, see <https://doc.rust-lang.org/edition-guide/rust-2024/unsafe-op-in-unsafe-fn.html>

note: for more information, see <https://doc.rust-lang.org/edition-guide/rust-2024/unsafe-op-in-unsafe-fn.html>

warning[E0133]: call to unsafe function `generic::Periph::<RB, A>::steal` is unsafe and requires unsafe block
    --> src/lib.rs:1328:19
     warning[E0133]: call to unsafe function `generic::Periph::<RB, A>::steal` is unsafe and requires unsafe block
    --> src/lib.rs:1328:19
     |
1328 |             cmp1: Cmp1::steal(),
     |                   ^^^^^^^^^^^^^ |
1328 |             cmp1: Cmp1::steal(),
     |                   ^^^^^^^^^^^^^ call to unsafe function
     |
     = note: consult the function's documentation for information on how to avoid undefined behavior
     = call to unsafe function
     |
     = note: consult the function's documentation for information on how to avoid undefined behavior
     = note: for more information, see <https://doc.rust-lang.org/edition-guide/rust-2024/unsafe-op-in-unsafe-fn.html>

note: for more information, see <https://doc.rust-lang.org/edition-guide/rust-2024/unsafe-op-in-unsafe-fn.html>

warning[E0133]: call to unsafe function `generic::Periph::<RB, A>::steal` is unsafe and requires unsafe block
    --> src/lib.rs:1329:19
     warning[E0133]: call to unsafe function `generic::Periph::<RB, A>::steal` is unsafe and requires unsafe block
    --> src/lib.rs:1329:19
     |
1329 |             dac0: Dac0::steal(),
     |                   ^^^^^^^^^^^^^ |
1329 |             dac0: Dac0::steal(),
     |                   ^^^^^^^^^^^^^ call to unsafe function
     |
     = note: consult the function's documentation for information on how to avoid undefined behavior
     = call to unsafe function
     |
     = note: consult the function's documentation for information on how to avoid undefined behavior
     = note: for more information, see <https://doc.rust-lang.org/edition-guide/rust-2024/unsafe-op-in-unsafe-fn.html>

note: for more information, see <https://doc.rust-lang.org/edition-guide/rust-2024/unsafe-op-in-unsafe-fn.html>

warning[E0133]: call to unsafe function `generic::Periph::<RB, A>::steal` is unsafe and requires unsafe block
    --> src/lib.rs:1330:21
     |warning[E0133]: call to unsafe function `generic::Periph::<RB, A>::steal` is unsafe and requires unsafe block
    --> src/lib.rs:1330:21
     |
1330 |             opamp0: Opamp0::steal(),
     |                     ^^^^^^^^^^^^^^^ 
1330 |             opamp0: Opamp0::steal(),
     |                     ^^^^^^^^^^^^^^^ call to unsafe function
     |
     = note: consult the function's documentation for information on how to avoid undefined behavior
     = notecall to unsafe function
     |
     = note: consult the function's documentation for information on how to avoid undefined behavior
     = note: for more information, see <https://doc.rust-lang.org/edition-guide/rust-2024/unsafe-op-in-unsafe-fn.html>

: for more information, see <https://doc.rust-lang.org/edition-guide/rust-2024/unsafe-op-in-unsafe-fn.html>

warning[E0133]: call to unsafe function `generic::Periph::<RB, A>::steal` is unsafe and requires unsafe block
    --> warning[E0133]: call to unsafe function `generic::Periph::<RB, A>::steal` is unsafe and requires unsafe block
    --> src/lib.rs:1331:20
     |
1331 |             port0: Port0::steal(),
     |                    src/lib.rs:1331:20
     |
1331 |             port0: Port0::steal(),
     |                    ^^^^^^^^^^^^^^ call to unsafe function
     |
     = note^^^^^^^^^^^^^^ call to unsafe function
     |
     = note: consult the function's documentation for information on how to avoid undefined behavior
     = note: for more information, see <https://doc.rust-lang.org/edition-guide/rust-2024/unsafe-op-in-unsafe-fn.html>

: consult the function's documentation for information on how to avoid undefined behavior
     = note: for more information, see <https://doc.rust-lang.org/edition-guide/rust-2024/unsafe-op-in-unsafe-fn.html>

warning[E0133]: call to unsafe function `generic::Periph::<RB, A>::steal` is unsafe and requires unsafe block
    --> src/lib.rs:1332:20
     warning[E0133]: call to unsafe function `generic::Periph::<RB, A>::steal` is unsafe and requires unsafe block
    --> src/lib.rs:1332:20
     |
1332 |             port1: Port1::steal(),
     |                    ^^^^^^^^^^^^^^ |
1332 |             port1: Port1::steal(),
     |                    ^^^^^^^^^^^^^^ call to unsafe function
     |
     = note: consult the function's documentation for information on how to avoid undefined behavior
     = notecall to unsafe function
     |
     = note: consult the function's documentation for information on how to avoid undefined behavior
     = note: for more information, see <https://doc.rust-lang.org/edition-guide/rust-2024/unsafe-op-in-unsafe-fn.html>

: for more information, see <https://doc.rust-lang.org/edition-guide/rust-2024/unsafe-op-in-unsafe-fn.html>

warning[E0133]: call to unsafe function `generic::Periph::<RB, A>::steal` is unsafe and requires unsafe block
    --> src/lib.rs:1333:20
     warning[E0133]: call to unsafe function `generic::Periph::<RB, A>::steal` is unsafe and requires unsafe block
    --> src/lib.rs:1333:20
     |
1333 |             port2: Port2::steal(),
     |                    ^^^^^^^^^^^^^^ |
1333 |             port2: Port2::steal(),
     |                    ^^^^^^^^^^^^^^ call to unsafe function
     |
     = note: consult the function's documentation for information on how to avoid undefined behavior
     = notecall to unsafe function
     |
     = note: consult the function's documentation for information on how to avoid undefined behavior
     = note: for more information, see <https://doc.rust-lang.org/edition-guide/rust-2024/unsafe-op-in-unsafe-fn.html>

: for more information, see <https://doc.rust-lang.org/edition-guide/rust-2024/unsafe-op-in-unsafe-fn.html>

warning[E0133]: call to unsafe function `generic::Periph::<RB, A>::steal` is unsafe and requires unsafe block
    --> warning[E0133]: call to unsafe function `generic::Periph::<RB, A>::steal` is unsafe and requires unsafe block
    --> src/lib.rs:1334:20
     |
1334 |             port3: Port3::steal(),
     |                    ^^^^^^^^^^^^^^ call to unsafe functionsrc/lib.rs:1334:20
     |
1334 |             port3: Port3::steal(),
     |                    ^^^^^^^^^^^^^^ call to unsafe function
     |
     = note: consult the function's documentation for information on how to avoid undefined behavior
     = note
     |
     = note: consult the function's documentation for information on how to avoid undefined behavior
     = note: for more information, see <https://doc.rust-lang.org/edition-guide/rust-2024/unsafe-op-in-unsafe-fn.html>

: for more information, see <https://doc.rust-lang.org/edition-guide/rust-2024/unsafe-op-in-unsafe-fn.html>

warning[E0133]: call to unsafe function `generic::Periph::<RB, A>::steal` is unsafe and requires unsafe block
    --> src/lib.rs:1335:20
     warning[E0133]: call to unsafe function `generic::Periph::<RB, A>::steal` is unsafe and requires unsafe block
    --> src/lib.rs:1335:20
     |
1335 |             port4: Port4::steal(),
     |                    ^^^^^^^^^^^^^^|
1335 |             port4: Port4::steal(),
     |                    ^^^^^^^^^^^^^^ call to unsafe function
     |
     = note: consult the function's documentation for information on how to avoid undefined behavior
      call to unsafe function
     |
     = note: consult the function's documentation for information on how to avoid undefined behavior
     = note: for more information, see <https://doc.rust-lang.org/edition-guide/rust-2024/unsafe-op-in-unsafe-fn.html>

= note: for more information, see <https://doc.rust-lang.org/edition-guide/rust-2024/unsafe-op-in-unsafe-fn.html>

warning[E0133]: call to unsafe function `generic::Periph::<RB, A>::steal` is unsafe and requires unsafe block
    --> src/lib.rs:1336:19
     warning[E0133]: call to unsafe function `generic::Periph::<RB, A>::steal` is unsafe and requires unsafe block
    --> src/lib.rs:1336:19
     |
1336 |             can0: Can0::steal(),
     |                   ^^^^^^^^^^^^^ |
1336 |             can0: Can0::steal(),
     |                   ^^^^^^^^^^^^^ call to unsafe function
     |
     = note: consult the function's documentation for information on how to avoid undefined behavior
     = call to unsafe function
     |
     = note: consult the function's documentation for information on how to avoid undefined behavior
     = note: for more information, see <https://doc.rust-lang.org/edition-guide/rust-2024/unsafe-op-in-unsafe-fn.html>

note: for more information, see <https://doc.rust-lang.org/edition-guide/rust-2024/unsafe-op-in-unsafe-fn.html>

warning[E0133]: call to unsafe function `generic::Periph::<RB, A>::steal` is unsafe and requires unsafe block
    --> src/lib.rs:1337:19
     |warning[E0133]: call to unsafe function `generic::Periph::<RB, A>::steal` is unsafe and requires unsafe block
    --> src/lib.rs:1337:19
     |
1337 |             cdog: Cdog::steal(),
     |                   ^^^^^^^^^^^^^ 
1337 |             cdog: Cdog::steal(),
     |                   ^^^^^^^^^^^^^ call to unsafe function
     |
     = note: consult the function's documentation for information on how to avoid undefined behavior
     = call to unsafe function
     |
     = note: consult the function's documentation for information on how to avoid undefined behavior
     = note: for more information, see <https://doc.rust-lang.org/edition-guide/rust-2024/unsafe-op-in-unsafe-fn.html>

note: for more information, see <https://doc.rust-lang.org/edition-guide/rust-2024/unsafe-op-in-unsafe-fn.html>

warning[E0133]: call to unsafe function `generic::Periph::<RB, A>::steal` is unsafe and requires unsafe block
    --> src/lib.rs:1338:25
     warning[E0133]: call to unsafe function `generic::Periph::<RB, A>::steal` is unsafe and requires unsafe block
    --> src/lib.rs:1338:25
     |
1338 |             dbgmailbox: Dbgmailbox::steal(),
     |                         ^^^^^^^^^^^^^^^^^^^ call to unsafe function
     |
     = note|
1338 |             dbgmailbox: Dbgmailbox::steal(),
     |                         ^^^^^^^^^^^^^^^^^^^ call to unsafe function
     |
     = note: consult the function's documentation for information on how to avoid undefined behavior
     = note: for more information, see <https://doc.rust-lang.org/edition-guide/rust-2024/unsafe-op-in-unsafe-fn.html>

: consult the function's documentation for information on how to avoid undefined behavior
     = note: for more information, see <https://doc.rust-lang.org/edition-guide/rust-2024/unsafe-op-in-unsafe-fn.html>

warning[E0133]: call to unsafe function `generic::Periph::<RB, A>::steal` is unsafe and requires unsafe block
    --> src/lib.rs:1339:20
     warning[E0133]: call to unsafe function `generic::Periph::<RB, A>::steal` is unsafe and requires unsafe block
    --> src/lib.rs:1339:20
     |
1339 |             gpio0: Gpio0::steal(),
     |                    ^^^^^^^^^^^^^^ |
1339 |             gpio0: Gpio0::steal(),
     |                    ^^^^^^^^^^^^^^ call to unsafe function
     |
     = note: consult the function's documentation for information on how to avoid undefined behavior
     = call to unsafe function
     |
     = note: consult the function's documentation for information on how to avoid undefined behavior
     = note: for more information, see <https://doc.rust-lang.org/edition-guide/rust-2024/unsafe-op-in-unsafe-fn.html>

note: for more information, see <https://doc.rust-lang.org/edition-guide/rust-2024/unsafe-op-in-unsafe-fn.html>

warning[E0133]: call to unsafe function `generic::Periph::<RB, A>::steal` is unsafe and requires unsafe block
    --> warning[E0133]: call to unsafe function `generic::Periph::<RB, A>::steal` is unsafe and requires unsafe block
    --> src/lib.rs:1340:20
     |
1340 |             gpio1: Gpio1::steal(),
     |                    src/lib.rs:1340:20
     |
1340 |             gpio1: Gpio1::steal(),
     |                    ^^^^^^^^^^^^^^ call to unsafe function
     |
     = note^^^^^^^^^^^^^^ call to unsafe function
     |
     = note: consult the function's documentation for information on how to avoid undefined behavior
     = note: for more information, see <https://doc.rust-lang.org/edition-guide/rust-2024/unsafe-op-in-unsafe-fn.html>

: consult the function's documentation for information on how to avoid undefined behavior
     = note: for more information, see <https://doc.rust-lang.org/edition-guide/rust-2024/unsafe-op-in-unsafe-fn.html>

warning[E0133]: call to unsafe function `generic::Periph::<RB, A>::steal` is unsafe and requires unsafe block
    --> warning[E0133]: call to unsafe function `generic::Periph::<RB, A>::steal` is unsafe and requires unsafe block
    --> src/lib.rs:1341:20
     |
1341 |             gpio2: Gpio2::steal(),
     |                    src/lib.rs:1341:20
     |
1341 |             gpio2: Gpio2::steal(),
     |                    ^^^^^^^^^^^^^^ call to unsafe function
     |
     = note^^^^^^^^^^^^^^ call to unsafe function
     |
     = note: consult the function's documentation for information on how to avoid undefined behavior
     = note: for more information, see <https://doc.rust-lang.org/edition-guide/rust-2024/unsafe-op-in-unsafe-fn.html>

: consult the function's documentation for information on how to avoid undefined behavior
     = note: for more information, see <https://doc.rust-lang.org/edition-guide/rust-2024/unsafe-op-in-unsafe-fn.html>

warning[E0133]: call to unsafe function `generic::Periph::<RB, A>::steal` is unsafe and requires unsafe block
    --> src/lib.rs:1342:20
     warning[E0133]: call to unsafe function `generic::Periph::<RB, A>::steal` is unsafe and requires unsafe block
    --> src/lib.rs:1342:20
     |
1342 |             gpio3: Gpio3::steal(),
     |                    ^^^^^^^^^^^^^^ |
1342 |             gpio3: Gpio3::steal(),
     |                    ^^^^^^^^^^^^^^ call to unsafe function
     |
     = note: consult the function's documentation for information on how to avoid undefined behavior
     = note: for more information, see <https://doc.rust-lang.org/edition-guide/rust-2024/unsafe-op-in-unsafe-fn.html>

call to unsafe function
     |
     = note: consult the function's documentation for information on how to avoid undefined behavior
     = note: for more information, see <https://doc.rust-lang.org/edition-guide/rust-2024/unsafe-op-in-unsafe-fn.html>

warning[E0133]: call to unsafe function `generic::Periph::<RB, A>::steal` is unsafe and requires unsafe block
    --> warning[E0133]: call to unsafe function `generic::Periph::<RB, A>::steal` is unsafe and requires unsafe block
    --> src/lib.rs:1343:20
     |
1343 |             gpio4: Gpio4::steal(),
     src/lib.rs:1343:20
     |
1343 |             gpio4: Gpio4::steal(),
     |                    ^^^^^^^^^^^^^^ call to unsafe function
     |
     = |                    ^^^^^^^^^^^^^^ call to unsafe function
     |
     = note: consult the function's documentation for information on how to avoid undefined behavior
     = note: for more information, see <https://doc.rust-lang.org/edition-guide/rust-2024/unsafe-op-in-unsafe-fn.html>

note: consult the function's documentation for information on how to avoid undefined behavior
     = note: for more information, see <https://doc.rust-lang.org/edition-guide/rust-2024/unsafe-op-in-unsafe-fn.html>

warning[E0133]: call to unsafe function `generic::Periph::<RB, A>::steal` is unsafe and requires unsafe block
    --> src/lib.rs:1344:22
     warning[E0133]: call to unsafe function `generic::Periph::<RB, A>::steal` is unsafe and requires unsafe block
    --> src/lib.rs:1344:22
     |
1344 |             scn_scb: ScnScb::steal(),
     |                      ^^^^^^^^^^^^^^^ |
1344 |             scn_scb: ScnScb::steal(),
     |                      ^^^^^^^^^^^^^^^ call to unsafe function
     |
     = note: consult the function's documentation for information on how to avoid undefined behavior
     = notecall to unsafe function
     |
     = note: consult the function's documentation for information on how to avoid undefined behavior
     = note: for more information, see <https://doc.rust-lang.org/edition-guide/rust-2024/unsafe-op-in-unsafe-fn.html>

: for more information, see <https://doc.rust-lang.org/edition-guide/rust-2024/unsafe-op-in-unsafe-fn.html>

warning[E0133]: call to unsafe function `generic::Periph::<RB, A>::steal` is unsafe and requires unsafe block
    --> src/lib.rs:1345:23
     warning[E0133]: call to unsafe function `generic::Periph::<RB, A>::steal` is unsafe and requires unsafe block
    --> src/lib.rs:1345:23
     |
1345 |             sys_tick: SysTick::steal(),
     |                       ^^^^^^^^^^^^^^^^|
1345 |             sys_tick: SysTick::steal(),
     |                       ^^^^^^^^^^^^^^^^ call to unsafe function
     |
     = note: consult the function's documentation for information on how to avoid undefined behavior
     =  call to unsafe function
     |
     = note: consult the function's documentation for information on how to avoid undefined behavior
     = note: for more information, see <https://doc.rust-lang.org/edition-guide/rust-2024/unsafe-op-in-unsafe-fn.html>

note: for more information, see <https://doc.rust-lang.org/edition-guide/rust-2024/unsafe-op-in-unsafe-fn.html>

warning[E0133]: call to unsafe function `generic::Periph::<RB, A>::steal` is unsafe and requires unsafe block
    --> src/lib.rs:1346:18
     warning[E0133]: call to unsafe function `generic::Periph::<RB, A>::steal` is unsafe and requires unsafe block
    --> src/lib.rs:1346:18
     |
1346 |             sau: Sau::steal(),
     |                  ^^^^^^^^^^^^ |
1346 |             sau: Sau::steal(),
     |                  ^^^^^^^^^^^^ call to unsafe function
     |
     = note: consult the function's documentation for information on how to avoid undefined behavior
     = notecall to unsafe function
     |
     = note: consult the function's documentation for information on how to avoid undefined behavior
     = note: for more information, see <https://doc.rust-lang.org/edition-guide/rust-2024/unsafe-op-in-unsafe-fn.html>

: for more information, see <https://doc.rust-lang.org/edition-guide/rust-2024/unsafe-op-in-unsafe-fn.html>

For more information about this error, try `rustc --explain E0133`.
For more information about this error, try `rustc --explain E0133`.
warning: `frdm_mcxa156_pac` (lib) generated 72 warnings (run `cargo fix --lib -p frdm_mcxa156_pac` to apply 1 suggestion)
warning: `frdm_mcxa156_pac` (lib) generated 72 warnings (run `cargo fix --lib -p frdm_mcxa156_pac` to apply 1 suggestion)
    Finished `release` profile [optimized] target(s) in 0.01s
    Finished `release` profile [optimized] target(s) in 0.01s
